
Map of Debug\defcon31.sm8 from link file Debug\defcon31.lkf - Wed Aug  2 20:37:26 2023


                               --------
                               Segments
                               --------

start 00008080 end 0000822c length   428 segment .const
start 00008242 end 00009eed length  7339 segment .text
start 00004000 end 00004000 length     0 segment .eeprom
start 00000000 end 0000000e length    14 segment .bsct, initialized
start 00008234 end 00008242 length    14 segment .bsct, from
start 0000000e end 000000ff length   241 segment .ubsct
start 000000ff end 000000ff length     0 segment .bit
start 000000ff end 000000ff length     0 segment .share
start 00000100 end 00000100 length     0 segment .data
start 00000100 end 00000100 length     0 segment .bss
start 00000000 end 00000a4c length  2636 segment .info.
start 00000000 end 00004e6f length 20079 segment .debug
start 00008000 end 00008080 length   128 segment .const
start 0000822c end 00008234 length     8 segment .init


                               -------
                               Modules
                               -------

C:\Program Files (x86)\COSMIC\FSE_Compilers\CXSTM8\lib\crtsi0.sm8:
start 00008242 end 00008292 length    80 section .text
start 00000100 end 00000100 length     0 section .bss
start 0000000e end 0000000e length     0 section .ubsct
start 00000000 end 00000034 length    52 section .info.

Debug\stm8s103_serial.o:
start 00008292 end 00008380 length   238 section .text
start 00000000 end 00000385 length   901 section .debug
start 00000034 end 000000ab length   119 section .info.
start 00008080 end 00008083 length     3 section .const

Debug\sleep.o:
start 00008380 end 0000839b length    27 section .text
start 00000385 end 00000476 length   241 section .debug
start 000000ab end 00000118 length   109 section .info.

Debug\stm8s_adc1.o:
start ******** end ******** length     0 section .text *** removed ***
start 00000476 end 00001713 length  4765 section .debug
start 00000118 end 0000018a length   114 section .info.

Debug\stm8s_clk.o:
start 0000839b end 00008447 length   172 section .text
start 00001713 end 0000194a length   567 section .debug
start 0000018a end 000001fb length   113 section .info.
start 00008083 end 0000808f length    12 section .const

Debug\stm8s_gpio.o:
start 00008447 end 000084be length   119 section .text
start 0000194a end 00001f6f length  1573 section .debug
start 000001fb end 0000026d length   114 section .info.

Debug\stm8s_uart1.o:
start 000084be end 00008682 length   452 section .text
start 00001f6f end 000028cf length  2400 section .debug
start 0000026d end 000002e0 length   115 section .info.
start 0000808f end 00008093 length     4 section .const

Debug\api.o:
start 00008682 end 00008c26 length  1444 section .text
start 00000000 end 0000000e length    14 section .bsct
start 0000000e end 000000f5 length   231 section .ubsct
start 000028cf end 0000399a length  4299 section .debug
start 000002e0 end 0000034b length   107 section .info.
start 00008093 end 000080f5 length    98 section .const

Debug\application.o:
start 00008c26 end 00009412 length  2028 section .text
start 0000399a end 00004158 length  1982 section .debug
start 0000034b end 000003be length   115 section .info.
start 000080f5 end 00008129 length    52 section .const

Debug\developer.o:
start 00009412 end 00009b7a length  1896 section .text
start 00004158 end 00004c56 length  2814 section .debug
start 000003be end 0000042f length   113 section .info.
start 00008129 end 0000822c length   259 section .const

Debug\main.o:
start 00009b7a end 00009b9d length    35 section .text
start 00004c56 end 00004d04 length   174 section .debug
start 0000042f end 0000049b length   108 section .info.

(C:\Program Files (x86)\COSMIC\FSE_Compilers\CXSTM8\lib\libm0.sm8)idiv.o:
start 00009b9d end 00009bbb length    30 section .text
start 0000049b end 000004ca length    47 section .info.

(C:\Program Files (x86)\COSMIC\FSE_Compilers\CXSTM8\lib\libm0.sm8)imul.o:
start 00009bbb end 00009bdf length    36 section .text
start 000004ca end 000004f9 length    47 section .info.

(C:\Program Files (x86)\COSMIC\FSE_Compilers\CXSTM8\lib\libm0.sm8)itolx.o:
start 00009bdf end 00009bed length    14 section .text
start 000004f9 end 00000529 length    48 section .info.

(C:\Program Files (x86)\COSMIC\FSE_Compilers\CXSTM8\lib\libm0.sm8)jltab.o:
start 00009bed end 00009c13 length    38 section .text
start 00000529 end 00000559 length    48 section .info.

(C:\Program Files (x86)\COSMIC\FSE_Compilers\CXSTM8\lib\libm0.sm8)ladc.o:
start 00009c13 end 00009c24 length    17 section .text
start 00000559 end 00000588 length    47 section .info.

(C:\Program Files (x86)\COSMIC\FSE_Compilers\CXSTM8\lib\libm0.sm8)ladd.o:
start 00009c24 end 00009c3c length    24 section .text
start 00000588 end 000005b7 length    47 section .info.

(C:\Program Files (x86)\COSMIC\FSE_Compilers\CXSTM8\lib\libm0.sm8)land.o:
start 00009c3c end 00009c54 length    24 section .text
start 000005b7 end 000005e6 length    47 section .info.

(C:\Program Files (x86)\COSMIC\FSE_Compilers\CXSTM8\lib\libm0.sm8)lcmp.o:
start 00009c54 end 00009c74 length    32 section .text
start 000005e6 end 00000615 length    47 section .info.

(C:\Program Files (x86)\COSMIC\FSE_Compilers\CXSTM8\lib\libm0.sm8)lgadc.o:
start 00009c74 end 00009c84 length    16 section .text
start 00000615 end 00000645 length    48 section .info.

(C:\Program Files (x86)\COSMIC\FSE_Compilers\CXSTM8\lib\libm0.sm8)llsh.o:
start 00009c84 end 00009c93 length    15 section .text
start 00000645 end 00000674 length    47 section .info.

(C:\Program Files (x86)\COSMIC\FSE_Compilers\CXSTM8\lib\libm0.sm8)lreg.o:
start 000000f5 end 000000f9 length     4 section .ubsct
start 00000674 end 000006a3 length    47 section .info.

(C:\Program Files (x86)\COSMIC\FSE_Compilers\CXSTM8\lib\libm0.sm8)lrzmp.o:
start 00009c93 end 00009ca7 length    20 section .text
start 000006a3 end 000006d3 length    48 section .info.

(C:\Program Files (x86)\COSMIC\FSE_Compilers\CXSTM8\lib\libm0.sm8)lsbc.o:
start 00009ca7 end 00009cbe length    23 section .text
start 000006d3 end 00000702 length    47 section .info.

(C:\Program Files (x86)\COSMIC\FSE_Compilers\CXSTM8\lib\libm0.sm8)lsub.o:
start 00009cbe end 00009cd6 length    24 section .text
start 00000702 end 00000731 length    47 section .info.

(C:\Program Files (x86)\COSMIC\FSE_Compilers\CXSTM8\lib\libm0.sm8)ltor.o:
start 00009cd6 end 00009ce8 length    18 section .text
start 00000731 end 00000760 length    47 section .info.

(C:\Program Files (x86)\COSMIC\FSE_Compilers\CXSTM8\lib\libm0.sm8)ludiv.o:
start 00009ce8 end 00009cfc length    20 section .text
start 00000760 end 00000790 length    48 section .info.

(C:\Program Files (x86)\COSMIC\FSE_Compilers\CXSTM8\lib\libm0.sm8)ldiv.o:
start 00009cfc end 00009de7 length   235 section .text
start 00000790 end 000007bf length    47 section .info.

(C:\Program Files (x86)\COSMIC\FSE_Compilers\CXSTM8\lib\libm0.sm8)lgneg.o:
start 00009de7 end 00009dfa length    19 section .text
start 000007bf end 000007ef length    48 section .info.

(C:\Program Files (x86)\COSMIC\FSE_Compilers\CXSTM8\lib\libm0.sm8)lneg.o:
start 00009dfa end 00009e0f length    21 section .text
start 000007ef end 0000081e length    47 section .info.

(C:\Program Files (x86)\COSMIC\FSE_Compilers\CXSTM8\lib\libm0.sm8)lursh.o:
start 00009e0f end 00009e1e length    15 section .text
start 0000081e end 0000084e length    48 section .info.

(C:\Program Files (x86)\COSMIC\FSE_Compilers\CXSTM8\lib\libm0.sm8)lzmp.o:
start 00009e1e end 00009e31 length    19 section .text
start 0000084e end 0000087d length    47 section .info.

(C:\Program Files (x86)\COSMIC\FSE_Compilers\CXSTM8\lib\libm0.sm8)rtol.o:
start 00009e31 end 00009e43 length    18 section .text
start 0000087d end 000008ac length    47 section .info.

(C:\Program Files (x86)\COSMIC\FSE_Compilers\CXSTM8\lib\libm0.sm8)sdivx.o:
start 00009e43 end 00009e6e length    43 section .text
start 000008ac end 000008dc length    48 section .info.

(C:\Program Files (x86)\COSMIC\FSE_Compilers\CXSTM8\lib\libm0.sm8)smul.o:
start 00009e6e end 00009ead length    63 section .text
start 000008dc end 0000090b length    47 section .info.

(C:\Program Files (x86)\COSMIC\FSE_Compilers\CXSTM8\lib\libm0.sm8)xreg.o:
start 000000f9 end 000000fc length     3 section .ubsct
start 0000090b end 0000093a length    47 section .info.

(C:\Program Files (x86)\COSMIC\FSE_Compilers\CXSTM8\lib\libm0.sm8)xymov.o:
start 00009ead end 00009eec length    63 section .text
start 0000093a end 0000096a length    48 section .info.

(C:\Program Files (x86)\COSMIC\FSE_Compilers\CXSTM8\lib\libm0.sm8)yreg.o:
start 000000fc end 000000ff length     3 section .ubsct
start 0000096a end 00000999 length    47 section .info.

Debug\stm8_interrupt_vector.o:
start 00009eec end 00009eed length     1 section .text
start 00004d04 end 00004e6f length   363 section .debug
start 00000999 end 00000a16 length   125 section .info.
start 00008000 end 00008080 length   128 section .const


                             -----------
                             Stack usage
                             -----------

Debug\api.o:
_clear_button_event              5   (5)
_clear_button_events             8   (3)
_flush_leds                      6   (6)
_get_audio_level                 2   (2)
_get_button_event                4   (4)
_get_random                      8   (6)
_is_application_valid            9   (2)
_is_button_down                  7   (2)
_is_developer_valid              9   (2)
_is_sleep_valid                  6   (2)
_millis                          4   (2)
_set_debug                       2   (2)
_set_hue_max                    17   (12)
_set_led                       101   (95)
_set_matrix_high_z               8   (2)
_set_millis                      6   (6)
_set_rgb                         5   (5)
_set_rgb_max                     9   (4)
_set_white                       4   (4)
_set_white_max                   6   (2)
_setup_main                      8   (2)
_setup_serial                   52   (4)
_update_buttons                 14   (7)
f_TIM2_CapComp_IRQ_Handler  >  117   (16)
f_TIM2_UPD_OVF_IRQHandler   >   30   (16)

Debug\application.o:
_is_submenu_valid               11   (2)
_run_application                66   (12)
_set_frame_audio                13   (4)
_set_frame_blink                24   (7)
_set_frame_morse                28   (22)
_set_frame_rainbow              24   (7)
_set_frame_space_bits            8   (2)
_setup_application              54   (2)
_show_counter                   23   (6)
_show_game                      40   (23)
_show_screen_savers             32   (4)

Debug\developer.o:
_execute_terminal_command      156   (10) *** Recursive ***
_get_nearby_count               15   (9)
_get_terminal_command           63   (54)
_is_mine_at                      6   (6)
_make_guess                     25   (10) *** Recursive ***
_play_terminal_game            146   (30) *** Recursive ***
_print_ascii_art               116   (109)
_print_minesweeper              25   (10)
_run_developer                 172   (16) *** Recursive ***
_setup_developer               118   (2)

Debug\main.o:
_main                       >  174   (2) *** Recursive ***

Debug\sleep.o:
_run_sleep                      56   (2)
_setup_sleep                    54   (2)

Debug\stm8_interrupt_vector.o:
f_NonHandledInterrupt       >    6   (6)

Debug\stm8s103_serial.o:
_Serial_available                7   (2)
_Serial_begin               >   54   (6)
_Serial_newline                  7   (2)
_Serial_print_char               7   (2)
_Serial_print_string            10   (5)
_Serial_print_u32               18   (8)
_Serial_read_char                8   (3)

Debug\stm8s_clk.o:
_CLK_DeInit                 >    2   (2)
_CLK_GetClockFreq               25   (11)

Debug\stm8s_gpio.o:
_GPIO_DeInit                >    2   (2)
_GPIO_Init                       6   (6)
_GPIO_ReadInputPin               5   (5)

Debug\stm8s_uart1.o:
_UART1_ClearFlag                 2   (2)
_UART1_Cmd                       2   (2)
_UART1_DeInit                    2   (2)
_UART1_GetFlagStatus             5   (5)
_UART1_Init                     48   (23)
_UART1_ReceiveData8              2   (2)
_UART1_SendData8                 2   (2)

Stack size: 291


                              ---------
                              Call tree
                              ---------
   1 > _CLK_DeInit: (2)

   2 > _GPIO_DeInit: (2)

   3 > _Serial_begin: (6)
   4      + _GPIO_Init: (6)
   5      + _UART1_Cmd: (2)
   6      + _UART1_DeInit: (2)
   7      + _UART1_Init: (23)
   8      |    + _CLK_GetClockFreq: (11)
          | 
       
   9 > __stext: (0)

  10 > _main: (2)
  11      + _get_button_event: (4)
  12      + _is_application_valid: (2)
  13      |    + _get_button_event --> 11
  14      |    + _is_button_down: (2)
  15      |    |    + _GPIO_ReadInputPin: (5)
          |    | 
          | 
  16      + _is_developer_valid: (2)
  17      |    + _get_button_event --> 11
  18      |    + _is_button_down --> 14
          | 
  19      + _run_application: (12)
  20      |    + _clear_button_event: (5)
  21      |    + _flush_leds: (6)
  22      |    + _is_application_valid --> 12
  23      |    + _is_button_down --> 14
  24      |    + _millis: (2)
  25      |    + _set_hue_max: (12)
  26      |    |    + _set_rgb: (5)
          |    | 
  27      |    + _setup_application: (2)
  28      |    |    + _clear_button_events: (3)
  29      |    |    |    + _clear_button_event --> 20
          |    |    | 
  30      |    |    + _setup_serial: (4)
  31      |    |    |    + _GPIO_Init --> 4
  32      |    |    |    + _UART1_Cmd --> 5
  33      |    |    |    + _UART1_DeInit --> 6
  34      |    |    |    + _UART1_Init --> 7
          |    |    | 
          |    | 
  35      |    + _show_counter: (6)
  36      |    |    + _clear_button_event --> 20
  37      |    |    + _flush_leds --> 21
  38      |    |    + _is_submenu_valid: (2)
  39      |    |    |    + _get_button_event --> 11
  40      |    |    |    + _is_application_valid --> 12
          |    |    | 
  41      |    |    + _millis --> 24
  42      |    |    + _set_hue_max --> 25
          |    | 
  43      |    + _show_game: (23)
  44      |    |    + _clear_button_event --> 20
  45      |    |    + _flush_leds --> 21
  46      |    |    + _get_random: (6)
  47      |    |    + _is_submenu_valid --> 38
  48      |    |    + _millis --> 24
  49      |    |    + _set_hue_max --> 25
  50      |    |    + _set_rgb_max: (4)
  51      |    |    |    + _set_rgb --> 26
          |    |    | 
          |    | 
  52      |    + _show_screen_savers: (4)
  53      |    |    + _clear_button_event --> 20
  54      |    |    + _is_submenu_valid --> 38
  55      |    |    + _millis --> 24
  56      |    |    + _set_frame_audio: (4)
  57      |    |    |    + _flush_leds --> 21
  58      |    |    |    + _get_audio_level: (2)
  59      |    |    |    + _set_rgb_max --> 50
          |    |    | 
  60      |    |    + _set_frame_blink: (7)
  61      |    |    |    + _flush_leds --> 21
  62      |    |    |    + _get_random --> 46
  63      |    |    |    + _millis --> 24
  64      |    |    |    + _set_hue_max --> 25
  65      |    |    |    + _set_rgb_max --> 50
          |    |    | 
  66      |    |    + _set_frame_morse: (22)
  67      |    |    |    + _flush_leds --> 21
  68      |    |    |    + _millis --> 24
  69      |    |    |    + _set_white_max: (2)
  70      |    |    |    |    + _set_white: (4)
          |    |    |    | 
          |    |    | 
  71      |    |    + _set_frame_rainbow: (7)
  72      |    |    |    + _flush_leds --> 21
  73      |    |    |    + _millis --> 24
  74      |    |    |    + _set_hue_max --> 25
  75      |    |    |    + _set_white_max --> 69
          |    |    | 
  76      |    |    + _set_frame_space_bits: (2)
  77      |    |    |    + _flush_leds --> 21
  78      |    |    |    + _millis --> 24
  79      |    |    |    + _set_white_max --> 69
          |    |    | 
          |    | 
          | 
  80      + _run_developer: (16)
  81      |    + _Serial_print_string: (5)
  82      |    |    + _UART1_GetFlagStatus: (5)
  83      |    |    + _UART1_SendData8: (2)
          |    | 
  84      |    + _execute_terminal_command: (10)
  85      |    |    + _Serial_newline: (2)
  86      |    |    |    + _UART1_GetFlagStatus --> 82
  87      |    |    |    + _UART1_SendData8 --> 83
          |    |    | 
  88      |    |    + _Serial_print_char: (2)
  89      |    |    |    + _UART1_GetFlagStatus --> 82
  90      |    |    |    + _UART1_SendData8 --> 83
          |    |    | 
  91      |    |    + _Serial_print_string --> 81
  92      |    |    + _Serial_print_u32: (8)
  93      |    |    |    + _Serial_print_char --> 88
  94      |    |    |    + _Serial_print_string --> 81
          |    |    | 
  95      |    |    + _flush_leds --> 21
  96      |    |    + _get_audio_level --> 58
  97      |    |    + _millis --> 24
  98      |    |    + _play_terminal_game: (30)
  99      |    |    |    + _Serial_print_string --> 81
 100      |    |    |    + _get_random --> 46
 101      |    |    |    + _get_terminal_command: (54)
 102      |    |    |    |    + _Serial_available: (2)
 103      |    |    |    |    |    + _UART1_GetFlagStatus --> 82
          |    |    |    |    | 
 104      |    |    |    |    + _Serial_read_char: (3)
 105      |    |    |    |    |    + _UART1_ClearFlag: (2)
 106      |    |    |    |    |    + _UART1_GetFlagStatus --> 82
 107      |    |    |    |    |    + _UART1_ReceiveData8: (2)
          |    |    |    |    | 
 108      |    |    |    |    + _is_developer_valid --> 16
          |    |    |    | 
 109      |    |    |    + _is_developer_valid --> 16
 110      |    |    |    + _make_guess: (10)
 111      |    |    |    |    + _get_nearby_count: (9)
 112      |    |    |    |    |    + _is_mine_at: (6)
          |    |    |    |    | 
 113      |    |    |    |    + _is_mine_at --> 112
 114      |    |    |    |    + _make_guess --> 110
          |    |    |    | 
 115      |    |    |    + _millis --> 24
 116      |    |    |    + _print_ascii_art: (109)
 117      |    |    |    |    + _Serial_newline --> 85
 118      |    |    |    |    + _Serial_print_char --> 88
          |    |    |    | 
 119      |    |    |    + _print_minesweeper: (10)
 120      |    |    |    |    + _Serial_newline --> 85
 121      |    |    |    |    + _Serial_print_char --> 88
 122      |    |    |    |    + _get_nearby_count --> 111
 123      |    |    |    |    + _is_mine_at --> 112
          |    |    |    | 
          |    |    | 
 124      |    |    + _set_millis: (6)
 125      |    |    + _set_rgb --> 26
 126      |    |    + _set_white --> 70
          |    | 
 127      |    + _flush_leds --> 21
 128      |    + _get_terminal_command --> 101
 129      |    + _is_developer_valid --> 16
 130      |    + _set_debug: (2)
 131      |    + _setup_developer: (2)
 132      |    |    + _Serial_newline --> 85
 133      |    |    + _clear_button_events --> 28
 134      |    |    + _flush_leds --> 21
 135      |    |    + _print_ascii_art --> 116
 136      |    |    + _set_debug --> 130
 137      |    |    + _setup_serial --> 30
          |    | 
          | 
 138      + _run_sleep: (2)
 139      |    + _clear_button_events --> 28
 140      |    + _flush_leds --> 21
 141      |    + _is_sleep_valid: (2)
 142      |    |    + _get_button_event --> 11
          |    | 
 143      |    + _setup_sleep: (2)
 144      |    |    + _clear_button_events --> 28
 145      |    |    + _setup_serial --> 30
          |    | 
          | 
 146      + _setup_main: (2)
 147      |    + _GPIO_Init --> 4
          | 
       
 148 > f_NonHandledInterrupt: (6)

 149 > f_TIM2_CapComp_IRQ_Handler: (16)
 150      + _set_led: (95)
 151      |    + _GPIO_Init --> 4
          | 
 152      + _set_matrix_high_z: (2)
 153      |    + _GPIO_Init --> 4
          | 
       
 154 > f_TIM2_UPD_OVF_IRQHandler: (16)
 155      + _update_buttons: (7)
 156      |    + _is_button_down --> 14
 157      |    + _millis --> 24
 158      |    + _set_debug --> 130
          | 
       
 159   _CLK_GetClockFreq --> 8

 160   _GPIO_Init --> 4

 161   _GPIO_ReadInputPin --> 15

 162   _Serial_available --> 102

 163   _Serial_newline --> 85

 164   _Serial_print_char --> 88

 165   _Serial_print_string --> 81

 166   _Serial_print_u32 --> 92

 167   _Serial_read_char --> 104

 168   _UART1_ClearFlag --> 105

 169   _UART1_Cmd --> 5

 170   _UART1_DeInit --> 6

 171   _UART1_GetFlagStatus --> 82

 172   _UART1_Init --> 7

 173   _UART1_ReceiveData8 --> 107

 174   _UART1_SendData8 --> 83

 175   _clear_button_event --> 20

 176   _clear_button_events --> 28

 177   _execute_terminal_command --> 84

 178   _flush_leds --> 21

 179   _get_audio_level --> 58

 180   _get_button_event --> 11

 181   _get_nearby_count --> 111

 182   _get_random --> 46

 183   _get_terminal_command --> 101

 184   _is_application_valid --> 12

 185   _is_button_down --> 14

 186   _is_developer_valid --> 16

 187   _is_mine_at --> 112

 188   _is_sleep_valid --> 141

 189   _is_submenu_valid --> 38

 190   _make_guess --> 110

 191   _millis --> 24

 192   _play_terminal_game --> 98

 193   _print_ascii_art --> 116

 194   _print_minesweeper --> 119

 195   _run_application --> 19

 196   _run_developer --> 80

 197   _run_sleep --> 138

 198   _set_debug --> 130

 199   _set_frame_audio --> 56

 200   _set_frame_blink --> 60

 201   _set_frame_morse --> 66

 202   _set_frame_rainbow --> 71

 203   _set_frame_space_bits --> 76

 204   _set_hue_max --> 25

 205   _set_led --> 150

 206   _set_matrix_high_z --> 152

 207   _set_millis --> 124

 208   _set_rgb --> 26

 209   _set_rgb_max --> 50

 210   _set_white --> 70

 211   _set_white_max --> 69

 212   _setup_application --> 27

 213   _setup_developer --> 131

 214   _setup_main --> 146

 215   _setup_serial --> 30

 216   _setup_sleep --> 143

 217   _show_counter --> 35

 218   _show_game --> 43

 219   _show_screen_savers --> 52

 220   _update_buttons --> 155



                               -------
                               Symbols
                               -------

_ADC1_ClearFlag               ********   *** removed from Debug\stm8s_adc1.o ***
_ADC1_ClearITPendingBit       ********   *** removed from Debug\stm8s_adc1.o ***
_ADC1_Cmd                     ********   *** removed from Debug\stm8s_adc1.o ***
_ADC1_ConversionConfig        ********   *** removed from Debug\stm8s_adc1.o ***
_ADC1_DeInit                  ********   *** removed from Debug\stm8s_adc1.o ***
_ADC1_ExternalTriggerConfig   ********   *** removed from Debug\stm8s_adc1.o ***
_ADC1_GetAWDChannelStatus     ********   *** removed from Debug\stm8s_adc1.o ***
_ADC1_GetConversionValue      ********   *** removed from Debug\stm8s_adc1.o ***
_ADC1_GetFlagStatus           ********   *** removed from Debug\stm8s_adc1.o ***
_ADC1_GetITStatus             ********   *** removed from Debug\stm8s_adc1.o ***
_ADC1_Init                    ********   *** removed from Debug\stm8s_adc1.o ***
_ADC1_PrescalerConfig         ********   *** removed from Debug\stm8s_adc1.o ***
_ADC1_SchmittTriggerConfig    ********   *** removed from Debug\stm8s_adc1.o ***
_ADC1_StartConversion         ********   *** removed from Debug\stm8s_adc1.o ***
_CLKPrescTable                00008087   defined in Debug\stm8s_clk.o section .const
_CLK_DeInit                   0000839b   defined in Debug\stm8s_clk.o section .text
_CLK_GetClockFreq             000083d3   defined in Debug\stm8s_clk.o section .text
                                         used in Debug\stm8s_uart1.o
_GPIO_DeInit                  00008447   defined in Debug\stm8s_gpio.o section .text
_GPIO_Init                    0000844f   defined in Debug\stm8s_gpio.o section .text
                                         used in Debug\stm8s103_serial.o
                                                 Debug\api.o
_GPIO_ReadInputPin            000084b7   defined in Debug\stm8s_gpio.o section .text
                                         used in Debug\api.o
_HSIDivFactor                 00008083   defined in Debug\stm8s_clk.o section .const
_Serial_available             00008379   defined in Debug\stm8s103_serial.o section .text
                                         used in Debug\developer.o
_Serial_begin                 000082b9   defined in Debug\stm8s103_serial.o section .text
_Serial_newline               00008341   defined in Debug\stm8s103_serial.o section .text
                                         used in Debug\developer.o
_Serial_print_char            000082ac   defined in Debug\stm8s103_serial.o section .text
                                         used in Debug\developer.o
_Serial_print_string          00008350   defined in Debug\stm8s103_serial.o section .text
                                         used in Debug\developer.o
_Serial_print_u32             000082ed   defined in Debug\stm8s103_serial.o section .text
                                         used in Debug\developer.o
_Serial_read_char             00008292   defined in Debug\stm8s103_serial.o section .text
                                         used in Debug\developer.o
_UART1_ClearFlag              00008672   defined in Debug\stm8s_uart1.o section .text
                                         used in Debug\stm8s103_serial.o
_UART1_Cmd                    00008619   defined in Debug\stm8s_uart1.o section .text
                                         used in Debug\stm8s103_serial.o
                                                 Debug\api.o
_UART1_DeInit                 000084be   defined in Debug\stm8s_uart1.o section .text
                                         used in Debug\stm8s103_serial.o
                                                 Debug\api.o
_UART1_GetFlagStatus          0000862f   defined in Debug\stm8s_uart1.o section .text
                                         used in Debug\stm8s103_serial.o
_UART1_Init                   000084e9   defined in Debug\stm8s_uart1.o section .text
                                         used in Debug\stm8s103_serial.o
                                                 Debug\api.o
_UART1_ReceiveData8           00008627   defined in Debug\stm8s_uart1.o section .text
                                         used in Debug\stm8s103_serial.o
_UART1_SendData8              0000862b   defined in Debug\stm8s_uart1.o section .text
                                         used in Debug\stm8s103_serial.o
__endmem                      000001ff   defined in command file
                                         *** not used ***
__endzp                       000000ff   defined in command file section .ubsct
                                         used in C:\Program Files (x86)\COSMIC\FSE_Compilers\CXSTM8\lib\crtsi0.sm8
__idesc__                     0000822c   defined in linker section .init
                                         used in C:\Program Files (x86)\COSMIC\FSE_Compilers\CXSTM8\lib\crtsi0.sm8
__memory                      00000100   defined in command file section .bss
                                         used in C:\Program Files (x86)\COSMIC\FSE_Compilers\CXSTM8\lib\crtsi0.sm8
__stack                       000003ff   defined in command file
                                         used in C:\Program Files (x86)\COSMIC\FSE_Compilers\CXSTM8\lib\crtsi0.sm8
__startmem                    00000100   defined in command file section .bss
                                         *** not used ***
__stext                       00008242   defined in C:\Program Files (x86)\COSMIC\FSE_Compilers\CXSTM8\lib\crtsi0.sm8 section .text
                                         used in Debug\stm8_interrupt_vector.o
__vectab                      00008000   defined in Debug\stm8_interrupt_vector.o section .const
_api_counter                  00000000   defined in Debug\api.o section .bsct, initialized
_audio_mean                   00000013   defined in Debug\api.o section .ubsct
_audio_measurement_count      0000000d   defined in Debug\api.o section .bsct, initialized
_audio_running_mean           00000010   defined in Debug\api.o section .ubsct
_audio_running_std            0000000e   defined in Debug\api.o section .ubsct
_audio_std                    00000012   defined in Debug\api.o section .ubsct
_button_pressed_event         00000014   defined in Debug\api.o section .ubsct
_button_start_ms              00000008   defined in Debug\api.o section .bsct, initialized
_clear_button_event           00008832   defined in Debug\api.o section .text
                                         used in Debug\application.o
_clear_button_events          00008856   defined in Debug\api.o section .text
                                         used in Debug\sleep.o
                                                 Debug\application.o
                                                 Debug\developer.o
_execute_terminal_command     00009697   defined in Debug\developer.o section .text
_exit                         00008290   defined in C:\Program Files (x86)\COSMIC\FSE_Compilers\CXSTM8\lib\crtsi0.sm8 section .text
_flush_leds                   000089b8   defined in Debug\api.o section .text
                                         used in Debug\sleep.o
                                                 Debug\application.o
                                                 Debug\developer.o
_get_audio_level              000088b7   defined in Debug\api.o section .text
                                         used in Debug\application.o
                                                 Debug\developer.o
_get_button_event             00008822   defined in Debug\api.o section .text
                                         used in Debug\application.o Debug\main.o
_get_nearby_count             00009af1   defined in Debug\developer.o section .text
_get_random                   00008682   defined in Debug\api.o section .text
                                         used in Debug\application.o
                                                 Debug\developer.o
_get_terminal_command         0000952b   defined in Debug\developer.o section .text
_is_application_valid         000086fc   defined in Debug\api.o section .text
                                         used in Debug\application.o Debug\main.o
_is_button_down               00008871   defined in Debug\api.o section .text
                                         used in Debug\application.o
_is_developer_valid           00008713   defined in Debug\api.o section .text
                                         used in Debug\developer.o Debug\main.o
_is_mine_at                   00009b52   defined in Debug\developer.o section .text
_is_right_button_down         0000000c   defined in Debug\api.o section .bsct, initialized
_is_sleep_valid               0000872a   defined in Debug\api.o section .text
                                         used in Debug\sleep.o
_is_submenu_valid             00008cee   defined in Debug\application.o section .text
_main                         00009b7a   defined in Debug\main.o section .text
                                         used in C:\Program Files (x86)\COSMIC\FSE_Compilers\CXSTM8\lib\crtsi0.sm8
_make_guess                   00009a50   defined in Debug\developer.o section .text
_millis                       00008783   defined in Debug\api.o section .text
                                         used in Debug\application.o
                                                 Debug\developer.o
_play_terminal_game           00009879   defined in Debug\developer.o section .text
_print_ascii_art              00009480   defined in Debug\developer.o section .text
_print_minesweeper            000099d3   defined in Debug\developer.o section .text
_pwm_brightness               0000001e   defined in Debug\api.o section .ubsct
_pwm_brightness_buffer        000000ca   defined in Debug\api.o section .ubsct
_pwm_led_count                00000018   defined in Debug\api.o section .ubsct
_pwm_led_index                00000006   defined in Debug\api.o section .bsct, initialized
_pwm_sleep                    0000001a   defined in Debug\api.o section .ubsct
_pwm_sleep_remaining          00000004   defined in Debug\api.o section .bsct, initialized
_pwm_state                    00000007   defined in Debug\api.o section .bsct, initialized
_run_application              00008c2e   defined in Debug\application.o section .text
                                         used in Debug\main.o
_run_developer                00009431   defined in Debug\developer.o section .text
                                         used in Debug\main.o
_run_sleep                    00008388   defined in Debug\sleep.o section .text
                                         used in Debug\main.o
_set_debug                    00008b25   defined in Debug\api.o section .text
                                         used in Debug\developer.o
_set_frame_audio              00008e58   defined in Debug\application.o section .text
_set_frame_blink              00008ea6   defined in Debug\application.o section .text
_set_frame_morse              00009380   defined in Debug\application.o section .text
_set_frame_rainbow            00008df4   defined in Debug\application.o section .text
_set_frame_space_bits         00008f27   defined in Debug\application.o section .text
_set_hue_max                  00008a58   defined in Debug\api.o section .text
                                         used in Debug\application.o
_set_led                      00008b5e   defined in Debug\api.o section .text
_set_matrix_high_z            00008b3c   defined in Debug\api.o section .text
_set_millis                   0000878a   defined in Debug\api.o section .text
                                         used in Debug\developer.o
_set_rgb                      00008b08   defined in Debug\api.o section .text
                                         used in Debug\developer.o
_set_rgb_max                  00008b28   defined in Debug\api.o section .text
                                         used in Debug\application.o
_set_white                    00008b1b   defined in Debug\api.o section .text
                                         used in Debug\developer.o
_set_white_max                00008b35   defined in Debug\api.o section .text
                                         used in Debug\application.o
_setup_application            00008c26   defined in Debug\application.o section .text
_setup_developer              00009412   defined in Debug\developer.o section .text
_setup_main                   00008752   defined in Debug\api.o section .text
                                         used in Debug\main.o
_setup_serial                 00008691   defined in Debug\api.o section .text
                                         used in Debug\sleep.o
                                                 Debug\application.o
                                                 Debug\developer.o
_setup_sleep                  00008380   defined in Debug\sleep.o section .text
_show_counter                 00008d7a   defined in Debug\application.o section .text
_show_game                    00008fb2   defined in Debug\application.o section .text
_show_screen_savers           00008d01   defined in Debug\application.o section .text
_update_buttons               00008793   defined in Debug\api.o section .text
c_divsl                       00009cfc   defined in (C:\Program Files (x86)\COSMIC\FSE_Compilers\CXSTM8\lib\libm0.sm8)ldiv.o section .text
                                         *** not used ***
c_divul                       00009d13   defined in (C:\Program Files (x86)\COSMIC\FSE_Compilers\CXSTM8\lib\libm0.sm8)ldiv.o section .text
                                         used in (C:\Program Files (x86)\COSMIC\FSE_Compilers\CXSTM8\lib\libm0.sm8)ludiv.o
c_idiv                        00009b9d   defined in (C:\Program Files (x86)\COSMIC\FSE_Compilers\CXSTM8\lib\libm0.sm8)idiv.o section .text
                                         used in Debug\api.o Debug\developer.o
c_imul                        00009bbb   defined in (C:\Program Files (x86)\COSMIC\FSE_Compilers\CXSTM8\lib\libm0.sm8)imul.o section .text
                                         used in Debug\api.o
c_itolx                       00009bdf   defined in (C:\Program Files (x86)\COSMIC\FSE_Compilers\CXSTM8\lib\libm0.sm8)itolx.o section .text
                                         used in Debug\api.o Debug\application.o
c_jltab                       00009bed   defined in (C:\Program Files (x86)\COSMIC\FSE_Compilers\CXSTM8\lib\libm0.sm8)jltab.o section .text
                                         used in Debug\application.o
c_ladc                        00009c13   defined in (C:\Program Files (x86)\COSMIC\FSE_Compilers\CXSTM8\lib\libm0.sm8)ladc.o section .text
                                         used in Debug\developer.o
c_ladd                        00009c24   defined in (C:\Program Files (x86)\COSMIC\FSE_Compilers\CXSTM8\lib\libm0.sm8)ladd.o section .text
                                         used in Debug\application.o
                                                 Debug\developer.o
c_land                        00009c3c   defined in (C:\Program Files (x86)\COSMIC\FSE_Compilers\CXSTM8\lib\libm0.sm8)land.o section .text
                                         used in Debug\application.o
c_lcmp                        00009c54   defined in (C:\Program Files (x86)\COSMIC\FSE_Compilers\CXSTM8\lib\libm0.sm8)lcmp.o section .text
                                         used in Debug\api.o Debug\application.o
                                                 Debug\developer.o
c_lgadc                       00009c74   defined in (C:\Program Files (x86)\COSMIC\FSE_Compilers\CXSTM8\lib\libm0.sm8)lgadc.o section .text
                                         used in Debug\api.o Debug\application.o
c_lgneg                       00009de7   defined in (C:\Program Files (x86)\COSMIC\FSE_Compilers\CXSTM8\lib\libm0.sm8)lgneg.o section .text
                                         used in (C:\Program Files (x86)\COSMIC\FSE_Compilers\CXSTM8\lib\libm0.sm8)ldiv.o
c_llsh                        00009c84   defined in (C:\Program Files (x86)\COSMIC\FSE_Compilers\CXSTM8\lib\libm0.sm8)llsh.o section .text
                                         used in Debug\stm8s_uart1.o
                                                 Debug\application.o
                                                 Debug\developer.o
c_lneg                        00009dfa   defined in (C:\Program Files (x86)\COSMIC\FSE_Compilers\CXSTM8\lib\libm0.sm8)lneg.o section .text
                                         used in (C:\Program Files (x86)\COSMIC\FSE_Compilers\CXSTM8\lib\libm0.sm8)ldiv.o
c_lreg                        000000f5   defined in (C:\Program Files (x86)\COSMIC\FSE_Compilers\CXSTM8\lib\libm0.sm8)lreg.o section .ubsct
                                         used in Debug\stm8s103_serial.o
                                                 Debug\stm8s_clk.o
                                                 Debug\stm8s_uart1.o Debug\api.o
                                                 Debug\application.o
                                                 Debug\developer.o
                                                 (C:\Program Files (x86)\COSMIC\FSE_Compilers\CXSTM8\lib\libm0.sm8)itolx.o
                                                 (C:\Program Files (x86)\COSMIC\FSE_Compilers\CXSTM8\lib\libm0.sm8)jltab.o
                                                 (C:\Program Files (x86)\COSMIC\FSE_Compilers\CXSTM8\lib\libm0.sm8)ladc.o
                                                 (C:\Program Files (x86)\COSMIC\FSE_Compilers\CXSTM8\lib\libm0.sm8)ladd.o
                                                 (C:\Program Files (x86)\COSMIC\FSE_Compilers\CXSTM8\lib\libm0.sm8)land.o
                                                 (C:\Program Files (x86)\COSMIC\FSE_Compilers\CXSTM8\lib\libm0.sm8)lcmp.o
                                                 (C:\Program Files (x86)\COSMIC\FSE_Compilers\CXSTM8\lib\libm0.sm8)llsh.o
                                                 (C:\Program Files (x86)\COSMIC\FSE_Compilers\CXSTM8\lib\libm0.sm8)lrzmp.o
                                                 (C:\Program Files (x86)\COSMIC\FSE_Compilers\CXSTM8\lib\libm0.sm8)lsbc.o
                                                 (C:\Program Files (x86)\COSMIC\FSE_Compilers\CXSTM8\lib\libm0.sm8)lsub.o
                                                 (C:\Program Files (x86)\COSMIC\FSE_Compilers\CXSTM8\lib\libm0.sm8)ltor.o
                                                 (C:\Program Files (x86)\COSMIC\FSE_Compilers\CXSTM8\lib\libm0.sm8)ldiv.o
                                                 (C:\Program Files (x86)\COSMIC\FSE_Compilers\CXSTM8\lib\libm0.sm8)lneg.o
                                                 (C:\Program Files (x86)\COSMIC\FSE_Compilers\CXSTM8\lib\libm0.sm8)lursh.o
                                                 (C:\Program Files (x86)\COSMIC\FSE_Compilers\CXSTM8\lib\libm0.sm8)rtol.o
                                                 (C:\Program Files (x86)\COSMIC\FSE_Compilers\CXSTM8\lib\libm0.sm8)smul.o
c_lrzmp                       00009c93   defined in (C:\Program Files (x86)\COSMIC\FSE_Compilers\CXSTM8\lib\libm0.sm8)lrzmp.o section .text
                                         used in Debug\application.o
c_lsbc                        00009ca7   defined in (C:\Program Files (x86)\COSMIC\FSE_Compilers\CXSTM8\lib\libm0.sm8)lsbc.o section .text
                                         used in Debug\developer.o
c_lsub                        00009cbe   defined in (C:\Program Files (x86)\COSMIC\FSE_Compilers\CXSTM8\lib\libm0.sm8)lsub.o section .text
                                         used in Debug\stm8s_uart1.o Debug\api.o
                                                 Debug\application.o
c_ltor                        00009cd6   defined in (C:\Program Files (x86)\COSMIC\FSE_Compilers\CXSTM8\lib\libm0.sm8)ltor.o section .text
                                         used in Debug\stm8s103_serial.o
                                                 Debug\stm8s_clk.o
                                                 Debug\stm8s_uart1.o Debug\api.o
                                                 Debug\application.o
                                                 Debug\developer.o
c_ludv                        00009ce8   defined in (C:\Program Files (x86)\COSMIC\FSE_Compilers\CXSTM8\lib\libm0.sm8)ludiv.o section .text
                                         used in Debug\stm8s_clk.o
                                                 Debug\stm8s_uart1.o
c_lursh                       00009e0f   defined in (C:\Program Files (x86)\COSMIC\FSE_Compilers\CXSTM8\lib\libm0.sm8)lursh.o section .text
                                         used in Debug\stm8s103_serial.o
                                                 Debug\application.o
c_lzmp                        00009e1e   defined in (C:\Program Files (x86)\COSMIC\FSE_Compilers\CXSTM8\lib\libm0.sm8)lzmp.o section .text
                                         used in Debug\api.o
c_rtol                        00009e31   defined in (C:\Program Files (x86)\COSMIC\FSE_Compilers\CXSTM8\lib\libm0.sm8)rtol.o section .text
                                         used in Debug\stm8s_clk.o
                                                 Debug\stm8s_uart1.o Debug\api.o
                                                 Debug\application.o
                                                 Debug\developer.o
c_sdivx                       00009e49   defined in (C:\Program Files (x86)\COSMIC\FSE_Compilers\CXSTM8\lib\libm0.sm8)sdivx.o section .text
                                         *** not used ***
c_smodx                       00009e43   defined in (C:\Program Files (x86)\COSMIC\FSE_Compilers\CXSTM8\lib\libm0.sm8)sdivx.o section .text
                                         used in Debug\application.o
                                                 Debug\developer.o
c_smul                        00009e6e   defined in (C:\Program Files (x86)\COSMIC\FSE_Compilers\CXSTM8\lib\libm0.sm8)smul.o section .text
                                         used in Debug\stm8s_uart1.o
c_x                           000000f9   defined in (C:\Program Files (x86)\COSMIC\FSE_Compilers\CXSTM8\lib\libm0.sm8)xreg.o section .ubsct
                                         used in C:\Program Files (x86)\COSMIC\FSE_Compilers\CXSTM8\lib\crtsi0.sm8
                                                 Debug\api.o
                                                 (C:\Program Files (x86)\COSMIC\FSE_Compilers\CXSTM8\lib\libm0.sm8)imul.o
                                                 (C:\Program Files (x86)\COSMIC\FSE_Compilers\CXSTM8\lib\libm0.sm8)jltab.o
                                                 (C:\Program Files (x86)\COSMIC\FSE_Compilers\CXSTM8\lib\libm0.sm8)ldiv.o
                                                 (C:\Program Files (x86)\COSMIC\FSE_Compilers\CXSTM8\lib\libm0.sm8)sdivx.o
                                                 (C:\Program Files (x86)\COSMIC\FSE_Compilers\CXSTM8\lib\libm0.sm8)xymov.o
c_xymov                       00009ead   defined in (C:\Program Files (x86)\COSMIC\FSE_Compilers\CXSTM8\lib\libm0.sm8)xymov.o section .text
                                         used in Debug\api.o Debug\application.o
                                                 Debug\developer.o
c_y                           000000fc   defined in (C:\Program Files (x86)\COSMIC\FSE_Compilers\CXSTM8\lib\libm0.sm8)yreg.o section .ubsct
                                         used in C:\Program Files (x86)\COSMIC\FSE_Compilers\CXSTM8\lib\crtsi0.sm8
                                                 Debug\api.o Debug\developer.o
f_NonHandledInterrupt         00009eec   defined in Debug\stm8_interrupt_vector.o section .text
f_TIM2_CapComp_IRQ_Handler    000088f4   defined in Debug\api.o section .text
                                         used in Debug\stm8_interrupt_vector.o
f_TIM2_UPD_OVF_IRQHandler     000088ba   defined in Debug\api.o section .text
                                         used in Debug\stm8_interrupt_vector.o
